2026-09-18 14:40:34 [ℹ]  eksctl version 0.230.0
2026-09-18 14:40:34 [ℹ]  using region us-east-2
2026-09-18 14:40:34 [ℹ]  setting availability zones to [us-east-2a us-east-2c us-east-2b]
2026-09-18 14:40:34 [ℹ]  subnets for us-east-2a - public:192.168.0.0/19 private:192.168.96.0/19
2026-09-18 14:40:34 [ℹ]  subnets for us-east-2c - public:192.168.32.0/19 private:192.168.128.0/19
2026-09-18 14:40:34 [ℹ]  subnets for us-east-2b - public:192.168.64.0/19 private:192.168.160.0/19
2026-09-18 14:40:34 [ℹ]  nodegroup "ng-p0" will use "" [AmazonLinux2023/1.33]
2026-09-18 14:40:34 [!]  Auto Mode will be enabled by default in an upcoming release of eksctl. This means managed node groups and managed networking add-ons will no longer be created by default. To maintain current behavior, explicitly set 'autoModeConfig.enabled: false' in your cluster configuration. Learn more: https://eksctl.io/usage/auto-mode/
2026-09-18 14:40:34 [ℹ]  using Kubernetes version 1.33
2026-09-18 14:40:34 [ℹ]  creating EKS cluster "ssp-p0" in "us-east-2" region with managed nodes
2026-09-18 14:40:34 [ℹ]  1 nodegroup (ng-p0) was included (based on the include/exclude rules)
2026-09-18 14:40:34 [ℹ]  will create a CloudFormation stack for cluster itself and 1 managed nodegroup stack(s)
2026-09-18 14:40:34 [ℹ]  if you encounter any issues, check CloudFormation console or try 'eksctl utils describe-stacks --region=us-east-2 --cluster=ssp-p0'
2026-09-18 14:40:34 [ℹ]  Kubernetes API endpoint access will use default of {publicAccess=true, privateAccess=false} for cluster "ssp-p0" in "us-east-2"
2026-09-18 14:40:34 [ℹ]  CloudWatch logging will not be enabled for cluster "ssp-p0" in "us-east-2"
2026-09-18 14:40:34 [ℹ]  you can enable it with 'eksctl utils update-cluster-logging --enable-types={SPECIFY-YOUR-LOG-TYPES-HERE (e.g. all)} --region=us-east-2 --cluster=ssp-p0'
2026-09-18 14:40:34 [ℹ]  default addons vpc-cni, metrics-server were not specified, will install them as EKS addons
2026-09-18 14:40:34 [ℹ]  
2 sequential tasks: { create cluster control plane "ssp-p0", 
    2 sequential sub-tasks: { 
        5 sequential sub-tasks: { 
            1 task: { create addons },
            wait for control plane to become ready,
            associate IAM OIDC provider,
            no tasks,
            update VPC CNI to use IRSA if required,
        },
        create managed nodegroup "ng-p0",
    } 
}
2026-09-18 14:40:34 [ℹ]  building cluster stack "eksctl-ssp-p0-cluster"
2026-09-18 14:40:34 [ℹ]  deploying stack "eksctl-ssp-p0-cluster"
2026-09-18 14:41:04 [ℹ]  waiting for CloudFormation stack "eksctl-ssp-p0-cluster"
2026-09-18 14:41:34 [ℹ]  waiting for CloudFormation stack "eksctl-ssp-p0-cluster"
2026-09-18 14:42:34 [ℹ]  waiting for CloudFormation stack "eksctl-ssp-p0-cluster"
2026-09-18 14:43:35 [ℹ]  waiting for CloudFormation stack "eksctl-ssp-p0-cluster"
2026-09-18 14:44:35 [ℹ]  waiting for CloudFormation stack "eksctl-ssp-p0-cluster"
2026-09-18 14:45:35 [ℹ]  waiting for CloudFormation stack "eksctl-ssp-p0-cluster"
2026-09-18 14:46:35 [ℹ]  waiting for CloudFormation stack "eksctl-ssp-p0-cluster"
2026-09-18 14:47:35 [ℹ]  waiting for CloudFormation stack "eksctl-ssp-p0-cluster"
2026-09-18 14:48:35 [ℹ]  waiting for CloudFormation stack "eksctl-ssp-p0-cluster"
2026-09-18 14:48:36 [ℹ]  creating addon: kube-proxy
2026-09-18 14:48:36 [ℹ]  successfully created addon: kube-proxy
2026-09-18 14:48:37 [ℹ]  creating addon: coredns
2026-09-18 14:48:37 [ℹ]  successfully created addon: coredns
2026-09-18 14:48:37 [!]  recommended policies were found for "vpc-cni" addon, but since OIDC is disabled on the cluster, eksctl cannot configure the requested permissions; the recommended way to provide IAM permissions for "vpc-cni" addon is via pod identity associations; after addon creation is completed, add all recommended policies to the config file, under `addon.PodIdentityAssociations`, and run `eksctl update addon`
2026-09-18 14:48:37 [ℹ]  creating addon: vpc-cni
2026-09-18 14:48:38 [ℹ]  successfully created addon: vpc-cni
2026-09-18 14:50:38 [ℹ]  addon "vpc-cni" active
2026-09-18 14:50:39 [ℹ]  deploying stack "eksctl-ssp-p0-addon-vpc-cni"
2026-09-18 14:50:39 [ℹ]  waiting for CloudFormation stack "eksctl-ssp-p0-addon-vpc-cni"
2026-09-18 14:51:09 [ℹ]  waiting for CloudFormation stack "eksctl-ssp-p0-addon-vpc-cni"
2026-09-18 14:51:09 [ℹ]  updating addon
2026-09-18 14:51:20 [ℹ]  addon "vpc-cni" active
2026-09-18 14:51:20 [ℹ]  building managed nodegroup stack "eksctl-ssp-p0-nodegroup-ng-p0"
2026-09-18 14:51:20 [ℹ]  deploying stack "eksctl-ssp-p0-nodegroup-ng-p0"
2026-09-18 14:51:20 [ℹ]  waiting for CloudFormation stack "eksctl-ssp-p0-nodegroup-ng-p0"
2026-09-18 14:51:50 [ℹ]  waiting for CloudFormation stack "eksctl-ssp-p0-nodegroup-ng-p0"
2026-09-18 14:52:40 [ℹ]  waiting for CloudFormation stack "eksctl-ssp-p0-nodegroup-ng-p0"
2026-09-18 14:53:31 [ℹ]  waiting for CloudFormation stack "eksctl-ssp-p0-nodegroup-ng-p0"
2026-09-18 14:53:31 [ℹ]  waiting for the control plane to become ready
2026-09-18 14:53:33 [✔]  saved kubeconfig as "/home/ubuntu/.kube/config"
2026-09-18 14:53:33 [ℹ]  no tasks
2026-09-18 14:53:33 [✔]  all EKS cluster resources for "ssp-p0" have been created
2026-09-18 14:53:33 [✔]  created 1 managed nodegroup(s) in cluster "ssp-p0"
2026-09-18 14:53:33 [ℹ]  creating addon: metrics-server
2026-09-18 14:53:33 [ℹ]  successfully created addon: metrics-server
2026-09-18 14:53:36 [ℹ]  kubectl command should work with "/home/ubuntu/.kube/config", try 'kubectl get nodes'
2026-09-18 14:53:36 [✔]  EKS cluster "ssp-p0" in "us-east-2" region is ready
EXIT=0
